FAIL: test_register_while_checkout.py::TestCartPageSubscription::test_subscription_cart_page with screenshot_2024-02-27_22-35-28.png
FAIL: test_register_while_checkout.py::TestCartPageSubscription::test_subscription_cart_page with screenshot_2024-02-27_22-40-11.png
FAIL: test_register_while_checkout.py::TestCartPageSubscription::test_subscription_cart_page with screenshot_2024-03-03_15-15-19.png
FAIL: test_register_while_checkout.py::TestCartPageSubscription::test_subscription_cart_page with screenshot_2024-03-03_17-05-18.png
FAIL: test_register_while_checkout.py::TestCartPageSubscription::test_subscription_cart_page with screenshot_2024-03-03_17-06-28.png
FAIL: test_register_while_checkout.py::TestCartPageSubscription::test_subscription_cart_page with screenshot_2024-03-03_18-48-36.png
FAIL: test_register_while_checkout.py::TestCartPageSubscription::test_subscription_cart_page with screenshot_2024-03-03_18-50-14.png
FAIL: test_register_while_checkout.py::TestCartPageSubscription::test_subscription_cart_page with screenshot_2024-03-06_12-45-49.png
FAIL: test_register_while_checkout.py::TestCartPageSubscription::test_subscription_cart_page with screenshot_2024-03-06_16-48-40.png
FAIL: test_register_while_checkout.py::TestCartPageSubscription::test_subscription_cart_page with screenshot_2024-03-06_16-50-57.png
FAIL: test_register_while_checkout.py::TestCartPageSubscription::test_subscription_cart_page with screenshot_2024-03-06_18-38-44.png
FAIL: test_register_while_checkout.py::TestCartPageSubscription::test_subscription_cart_page with screenshot_2024-03-06_18-39-36.png
FAIL: test_register_while_checkout.py::TestRegWhileCheckout::test_registration_while_checkout with screenshot_2024-03-06_18-44-42.png
FAIL: test_register_while_checkout.py::TestRegWhileCheckout::test_registration_while_checkout with screenshot_2024-03-06_18-47-15.png
FAIL: test_register_while_checkout.py::TestRegWhileCheckout::test_registration_while_checkout with screenshot_2024-03-06_19-05-14.png
FAIL: test_register_while_checkout.py::TestRegWhileCheckout::test_registration_while_checkout with screenshot_2024-03-06_19-06-24.png
FAIL: test_register_while_checkout.py::TestRegWhileCheckout::test_registration_while_checkout with screenshot_2024-03-06_21-37-04.png
FAIL: test_register_while_checkout.py::TestRegWhileCheckout::test_registration_while_checkout with screenshot_2024-03-06_21-37-45.png
FAIL: test_register_while_checkout.py::TestRegWhileCheckout::test_registration_while_checkout with screenshot_2024-03-06_22-27-59.png
FAIL: test_register_while_checkout.py::TestRegWhileCheckout::test_registration_while_checkout with screenshot_2024-03-07_21-22-05.png
FAIL: test_register_while_checkout.py::TestRegWhileCheckout::test_registration_while_checkout with screenshot_2024-03-07_21-22-46.png
FAIL: test_register_while_checkout.py::TestRegWhileCheckout::test_registration_while_checkout with screenshot_2024-03-07_21-23-46.png
FAIL: test_register_while_checkout.py::TestRegWhileCheckout::test_registration_while_checkout with screenshot_2024-03-07_21-29-41.png
FAIL: test_register_while_checkout.py::TestRegWhileCheckout::test_registration_while_checkout with screenshot_2024-03-07_21-44-18.png
FAIL: test_register_while_checkout.py::TestRegWhileCheckout::test_registration_while_checkout with screenshot_2024-03-07_22-14-12.png
FAIL: test_register_while_checkout.py::TestRegWhileCheckout::test_registration_while_checkout with screenshot_2024-03-07_22-15-44.png
FAIL: test_register_while_checkout.py::TestRegWhileCheckout::test_registration_while_checkout with screenshot_2024-03-08_15-20-23.png
FAIL: test_register_while_checkout.py::TestRegWhileCheckout::test_registration_while_checkout with screenshot_2024-03-08_15-21-14.png
FAIL: test_register_while_checkout.py::TestRegWhileCheckout::test_registration_while_checkout with screenshot_2024-03-08_15-22-17.png
FAIL: test_register_while_checkout.py::TestRegWhileCheckout::test_registration_while_checkout with screenshot_2024-03-09_18-19-03.png
FAIL: test_register_while_checkout.py::TestRegWhileCheckout::test_registration_while_checkout with screenshot_2024-03-09_19-13-35.png
FAIL: test_register_while_checkout.py::TestRegWhileCheckout::test_registration_while_checkout with screenshot_2024-03-09_19-14-54.png
FAIL: test_register_while_checkout.py::TestRegWhileCheckout::test_registration_while_checkout with screenshot_2024-03-09_19-18-26.png
FAIL: test_register_while_checkout.py::TestRegWhileCheckout::test_registration_while_checkout with screenshot_2024-03-09_19-20-24.png
FAIL: test_register_while_checkout.py::TestRegWhileCheckout::test_registration_while_checkout with screenshot_2024-03-09_19-21-01.png
FAIL: test_register_while_checkout.py::TestRegWhileCheckout::test_registration_while_checkout with screenshot_2024-03-09_19-24-21.png
FAIL: test_register_while_checkout.py::TestRegWhileCheckout::test_registration_while_checkout with screenshot_2024-03-09_19-31-32.png
FAIL: test_register_while_checkout.py::TestRegWhileCheckout::test_registration_while_checkout with screenshot_2024-03-09_19-36-37.png
FAIL: test_register_while_checkout.py::TestRegWhileCheckout::test_registration_while_checkout with screenshot_2024-03-10_12-44-08.png
FAIL: test_register_while_checkout.py::TestRegWhileCheckout::test_registration_while_checkout with screenshot_2024-03-10_12-44-56.png
FAIL: test_register_while_checkout.py::TestRegWhileCheckout::test_registration_while_checkout with screenshot_2024-03-10_13-00-39.png
FAIL: test_register_while_checkout.py::TestRegWhileCheckout::test_registration_while_checkout with screenshot_2024-03-10_14-43-47.png
FAIL: test_register_while_checkout.py::TestRegWhileCheckout::test_registration_while_checkout with screenshot_2024-03-10_14-46-45.png
FAIL: test_register_while_checkout.py::TestRegWhileCheckout::test_registration_while_checkout with screenshot_2024-03-10_14-47-28.png
FAIL: test_register_while_checkout.py::TestRegWhileCheckout::test_registration_while_checkout with screenshot_2024-03-10_14-50-44.png
FAIL: test_register_while_checkout.py::TestRegWhileCheckout::test_registration_while_checkout with screenshot_2024-03-10_15-14-37.png
FAIL: test_register_while_checkout.py::TestRegWhileCheckout::test_registration_while_checkout with screenshot_2024-03-10_15-22-56.png
FAIL: test_register_while_checkout.py::TestRegWhileCheckout::test_registration_while_checkout with screenshot_2024-03-10_15-27-29.png
FAIL: test_register_while_checkout.py::TestRegWhileCheckout::test_registration_while_checkout with screenshot_2024-03-10_15-30-19.png
FAIL: test_register_while_checkout.py::TestRegWhileCheckout::test_registration_while_checkout with screenshot_2024-03-10_15-43-04.png
FAIL: test_register_while_checkout.py::TestRegWhileCheckout::test_registration_while_checkout with screenshot_2024-03-10_15-53-58.png
FAIL: test_register_while_checkout.py::TestRegWhileCheckout::test_registration_while_checkout with screenshot_2024-03-10_16-51-50.png
FAIL: test_register_while_checkout.py::TestRegWhileCheckout::test_registration_while_checkout with screenshot_2024-03-10_16-52-43.png
FAIL: test_register_while_checkout.py::TestRegWhileCheckout::test_registration_while_checkout with screenshot_2024-03-10_16-59-53.png
FAIL: test_register_while_checkout.py::TestRegWhileCheckout::test_registration_while_checkout with screenshot_2024-03-10_17-11-01.png
FAIL: test_register_while_checkout.py::TestRegWhileCheckout::test_registration_while_checkout with screenshot_2024-03-10_17-15-34.png
FAIL: test_register_while_checkout.py::TestRegWhileCheckout::test_registration_while_checkout with screenshot_2024-03-10_17-20-17.png
FAIL: test_register_while_checkout.py::TestRegWhileCheckout::test_registration_while_checkout with screenshot_2024-03-10_17-22-21.png
FAIL: test_register_while_checkout.py::TestRegWhileCheckout::test_registration_while_checkout with screenshot_2024-03-10_17-23-03.png
FAIL: test_register_while_checkout.py::TestRegWhileCheckout::test_registration_while_checkout with screenshot_2024-03-10_17-36-53.png
FAIL: test_register_while_checkout.py::TestRegWhileCheckout::test_registration_while_checkout with screenshot_2024-03-10_17-39-05.png
FAIL: test_register_while_checkout.py::TestRegWhileCheckout::test_registration_while_checkout with screenshot_2024-03-10_18-07-22.png
FAIL: test_register_while_checkout.py::TestRegWhileCheckout::test_registration_while_checkout with screenshot_2024-03-10_18-36-29.png
FAIL: test_register_while_checkout.py::TestRegWhileCheckout::test_registration_while_checkout with screenshot_2024-03-10_18-41-05.png
FAIL: test_register_while_checkout.py::TestRegWhileCheckout::test_registration_while_checkout with screenshot_2024-03-10_18-43-39.png
FAIL: test_register_while_checkout.py::TestRegWhileCheckout::test_registration_while_checkout with screenshot_2024-03-10_18-58-01.png
FAIL: test_register_while_checkout.py::TestRegWhileCheckout::test_registration_while_checkout with screenshot_2024-03-10_19-54-17.png
FAIL: test_register_while_checkout.py::TestRegWhileCheckout::test_registration_while_checkout with screenshot_2024-03-10_21-21-46.png
FAIL: test_register_while_checkout.py::TestRegWhileCheckout::test_registration_while_checkout with screenshot_2024-03-10_21-24-14.png
FAIL: test_register_while_checkout.py::TestRegWhileCheckout::test_registration_while_checkout with screenshot_2024-03-10_21-31-12.png
FAIL: test_register_while_checkout.py::TestRegWhileCheckout::test_registration_while_checkout with screenshot_2024-03-10_21-32-28.png
FAIL: test_register_while_checkout.py::TestRegWhileCheckout::test_registration_while_checkout with screenshot_2024-03-10_21-36-15.png
FAIL: test_register_while_checkout.py::TestRegWhileCheckout::test_registration_while_checkout with screenshot_2024-03-10_21-37-06.png
FAIL: test_register_while_checkout.py::TestRegWhileCheckout::test_registration_while_checkout with screenshot_2024-03-10_21-39-33.png
FAIL: test_register_while_checkout.py::TestRegWhileCheckout::test_registration_while_checkout with screenshot_2024-03-10_21-39-57.png
FAIL: test_register_while_checkout.py::TestRegWhileCheckout::test_registration_while_checkout with screenshot_2024-03-10_21-40-44.png
FAIL: test_register_while_checkout.py::TestRegWhileCheckout::test_registration_while_checkout with screenshot_2024-03-10_21-42-55.png
